mode: atomic
github.com/dnjtechteam/dnj-game-api/internal/infrastructure/db/mappers/group_mapper.go:8.60,9.18 1 2
github.com/dnjtechteam/dnj-game-api/internal/infrastructure/db/mappers/group_mapper.go:9.18,11.3 1 1
github.com/dnjtechteam/dnj-game-api/internal/infrastructure/db/mappers/group_mapper.go:13.2,16.3 1 1
github.com/dnjtechteam/dnj-game-api/internal/infrastructure/db/mappers/group_mapper.go:19.65,20.18 1 2
github.com/dnjtechteam/dnj-game-api/internal/infrastructure/db/mappers/group_mapper.go:20.18,22.3 1 1
github.com/dnjtechteam/dnj-game-api/internal/infrastructure/db/mappers/group_mapper.go:24.2,27.3 1 1
github.com/dnjtechteam/dnj-game-api/internal/infrastructure/db/mappers/subscription_webhook_mapper.go:8.104,9.20 1 2
github.com/dnjtechteam/dnj-game-api/internal/infrastructure/db/mappers/subscription_webhook_mapper.go:9.20,11.3 1 1
github.com/dnjtechteam/dnj-game-api/internal/infrastructure/db/mappers/subscription_webhook_mapper.go:13.2,17.3 1 1
github.com/dnjtechteam/dnj-game-api/internal/infrastructure/db/mappers/subscription_webhook_mapper.go:20.109,21.20 1 2
github.com/dnjtechteam/dnj-game-api/internal/infrastructure/db/mappers/subscription_webhook_mapper.go:21.20,23.3 1 1
github.com/dnjtechteam/dnj-game-api/internal/infrastructure/db/mappers/subscription_webhook_mapper.go:25.2,29.3 1 1
github.com/dnjtechteam/dnj-game-api/internal/infrastructure/db/mappers/subscription_webhook_verification_code_mapper.go:8.149,9.17 1 2
github.com/dnjtechteam/dnj-game-api/internal/infrastructure/db/mappers/subscription_webhook_verification_code_mapper.go:9.17,11.3 1 1
github.com/dnjtechteam/dnj-game-api/internal/infrastructure/db/mappers/subscription_webhook_verification_code_mapper.go:13.2,24.3 1 1
github.com/dnjtechteam/dnj-game-api/internal/infrastructure/db/mappers/subscription_webhook_verification_code_mapper.go:27.154,28.17 1 2
github.com/dnjtechteam/dnj-game-api/internal/infrastructure/db/mappers/subscription_webhook_verification_code_mapper.go:28.17,30.3 1 1
github.com/dnjtechteam/dnj-game-api/internal/infrastructure/db/mappers/subscription_webhook_verification_code_mapper.go:32.2,43.3 1 1
github.com/dnjtechteam/dnj-game-api/internal/infrastructure/db/mappers/task_mapper.go:8.57,9.18 1 1
github.com/dnjtechteam/dnj-game-api/internal/infrastructure/db/mappers/task_mapper.go:9.18,11.3 1 1
github.com/dnjtechteam/dnj-game-api/internal/infrastructure/db/mappers/task_mapper.go:13.2,22.3 1 0
github.com/dnjtechteam/dnj-game-api/internal/infrastructure/db/mappers/task_mapper.go:25.63,26.19 1 1
github.com/dnjtechteam/dnj-game-api/internal/infrastructure/db/mappers/task_mapper.go:26.19,28.3 1 1
github.com/dnjtechteam/dnj-game-api/internal/infrastructure/db/mappers/task_mapper.go:30.2,39.3 1 0
github.com/dnjtechteam/dnj-game-api/internal/infrastructure/db/mappers/user_mapper.go:8.56,9.17 1 2
github.com/dnjtechteam/dnj-game-api/internal/infrastructure/db/mappers/user_mapper.go:9.17,11.3 1 1
github.com/dnjtechteam/dnj-game-api/internal/infrastructure/db/mappers/user_mapper.go:13.2,23.3 1 1
github.com/dnjtechteam/dnj-game-api/internal/infrastructure/db/mappers/user_mapper.go:26.56,27.17 1 2
github.com/dnjtechteam/dnj-game-api/internal/infrastructure/db/mappers/user_mapper.go:27.17,29.3 1 1
github.com/dnjtechteam/dnj-game-api/internal/infrastructure/db/mappers/user_mapper.go:31.2,41.3 1 1
github.com/dnjtechteam/dnj-game-api/internal/infrastructure/db/repositories/base_repository.go:18.45,19.16 1 0
github.com/dnjtechteam/dnj-game-api/internal/infrastructure/db/repositories/base_repository.go:19.16,21.3 1 0
github.com/dnjtechteam/dnj-game-api/internal/infrastructure/db/repositories/base_repository.go:23.2,23.44 1 0
github.com/dnjtechteam/dnj-game-api/internal/infrastructure/db/repositories/base_repository.go:23.44,25.3 1 0
github.com/dnjtechteam/dnj-game-api/internal/infrastructure/db/repositories/base_repository.go:27.2,27.32 1 0
github.com/dnjtechteam/dnj-game-api/internal/infrastructure/db/repositories/base_repository.go:30.63,32.2 1 0
github.com/dnjtechteam/dnj-game-api/internal/infrastructure/db/repositories/base_repository.go:34.65,36.15 2 0
github.com/dnjtechteam/dnj-game-api/internal/infrastructure/db/repositories/base_repository.go:36.15,38.3 1 0
github.com/dnjtechteam/dnj-game-api/internal/infrastructure/db/repositories/base_repository.go:39.2,39.13 1 0
github.com/dnjtechteam/dnj-game-api/internal/infrastructure/db/repositories/base_repository.go:42.74,45.2 2 0
github.com/dnjtechteam/dnj-game-api/internal/infrastructure/db/repositories/base_repository.go:47.79,50.25 3 0
github.com/dnjtechteam/dnj-game-api/internal/infrastructure/db/repositories/base_repository.go:50.25,52.3 1 0
github.com/dnjtechteam/dnj-game-api/internal/infrastructure/db/repositories/base_repository.go:53.2,53.21 1 0
github.com/dnjtechteam/dnj-game-api/internal/infrastructure/db/repositories/base_repository.go:56.71,60.2 3 0
github.com/dnjtechteam/dnj-game-api/internal/infrastructure/db/repositories/base_repository.go:62.74,65.2 2 0
github.com/dnjtechteam/dnj-game-api/internal/infrastructure/db/repositories/base_repository.go:67.71,70.2 2 0
github.com/dnjtechteam/dnj-game-api/internal/infrastructure/db/repositories/base_repository.go:72.91,75.2 2 0
github.com/dnjtechteam/dnj-game-api/internal/infrastructure/db/repositories/base_repository.go:77.71,81.2 3 0
github.com/dnjtechteam/dnj-game-api/internal/infrastructure/db/repositories/base_repository.go:83.98,86.25 3 0
github.com/dnjtechteam/dnj-game-api/internal/infrastructure/db/repositories/base_repository.go:86.25,88.3 1 0
github.com/dnjtechteam/dnj-game-api/internal/infrastructure/db/repositories/base_repository.go:89.2,89.21 1 0
github.com/dnjtechteam/dnj-game-api/internal/infrastructure/db/repositories/base_repository.go:92.99,96.2 3 0
github.com/dnjtechteam/dnj-game-api/internal/infrastructure/db/repositories/base_repository.go:98.90,102.25 3 0
github.com/dnjtechteam/dnj-game-api/internal/infrastructure/db/repositories/base_repository.go:102.25,104.3 1 0
github.com/dnjtechteam/dnj-game-api/internal/infrastructure/db/repositories/base_repository.go:106.2,106.18 1 0
github.com/dnjtechteam/dnj-game-api/internal/infrastructure/db/repositories/base_repository.go:114.43,131.16 10 0
github.com/dnjtechteam/dnj-game-api/internal/infrastructure/db/repositories/base_repository.go:131.16,132.45 1 0
github.com/dnjtechteam/dnj-game-api/internal/infrastructure/db/repositories/base_repository.go:132.45,141.4 1 0
github.com/dnjtechteam/dnj-game-api/internal/infrastructure/db/repositories/base_repository.go:142.3,142.41 1 0
github.com/dnjtechteam/dnj-game-api/internal/infrastructure/db/repositories/base_repository.go:145.2,146.17 2 0
github.com/dnjtechteam/dnj-game-api/internal/infrastructure/db/repositories/base_repository.go:146.17,148.3 1 0
github.com/dnjtechteam/dnj-game-api/internal/infrastructure/db/repositories/base_repository.go:150.2,157.8 1 0
github.com/dnjtechteam/dnj-game-api/internal/infrastructure/db/repositories/group_repository.go:19.79,23.2 1 0
github.com/dnjtechteam/dnj-game-api/internal/infrastructure/db/repositories/group_repository.go:25.113,27.60 2 0
github.com/dnjtechteam/dnj-game-api/internal/infrastructure/db/repositories/group_repository.go:27.60,29.3 1 0
github.com/dnjtechteam/dnj-game-api/internal/infrastructure/db/repositories/group_repository.go:30.2,30.45 1 0
github.com/dnjtechteam/dnj-game-api/internal/infrastructure/db/repositories/group_repository.go:33.98,35.16 2 0
github.com/dnjtechteam/dnj-game-api/internal/infrastructure/db/repositories/group_repository.go:35.16,37.3 1 0
github.com/dnjtechteam/dnj-game-api/internal/infrastructure/db/repositories/group_repository.go:38.2,38.45 1 0
github.com/dnjtechteam/dnj-game-api/internal/infrastructure/db/repositories/group_repository.go:41.107,44.16 3 0
github.com/dnjtechteam/dnj-game-api/internal/infrastructure/db/repositories/group_repository.go:44.16,45.45 1 0
github.com/dnjtechteam/dnj-game-api/internal/infrastructure/db/repositories/group_repository.go:45.45,47.4 1 0
github.com/dnjtechteam/dnj-game-api/internal/infrastructure/db/repositories/group_repository.go:48.3,48.41 1 0
github.com/dnjtechteam/dnj-game-api/internal/infrastructure/db/repositories/group_repository.go:50.2,50.46 1 0
github.com/dnjtechteam/dnj-game-api/internal/infrastructure/db/repositories/group_repository.go:53.112,60.16 3 0
github.com/dnjtechteam/dnj-game-api/internal/infrastructure/db/repositories/group_repository.go:60.16,62.3 1 0
github.com/dnjtechteam/dnj-game-api/internal/infrastructure/db/repositories/group_repository.go:64.2,65.29 2 0
github.com/dnjtechteam/dnj-game-api/internal/infrastructure/db/repositories/group_repository.go:65.29,67.3 1 0
github.com/dnjtechteam/dnj-game-api/internal/infrastructure/db/repositories/group_repository.go:68.2,68.20 1 0
github.com/dnjtechteam/dnj-game-api/internal/infrastructure/db/repositories/group_repository.go:71.75,73.2 1 0
github.com/dnjtechteam/dnj-game-api/internal/infrastructure/db/repositories/subscription_webhook_repository.go:18.104,22.2 1 0
github.com/dnjtechteam/dnj-game-api/internal/infrastructure/db/repositories/subscription_webhook_repository.go:24.151,26.60 2 0
github.com/dnjtechteam/dnj-game-api/internal/infrastructure/db/repositories/subscription_webhook_repository.go:26.60,28.3 1 0
github.com/dnjtechteam/dnj-game-api/internal/infrastructure/db/repositories/subscription_webhook_repository.go:29.2,29.59 1 0
github.com/dnjtechteam/dnj-game-api/internal/infrastructure/db/repositories/subscription_webhook_verification_code_repository.go:19.137,23.2 1 0
github.com/dnjtechteam/dnj-game-api/internal/infrastructure/db/repositories/subscription_webhook_verification_code_repository.go:25.198,27.60 2 0
github.com/dnjtechteam/dnj-game-api/internal/infrastructure/db/repositories/subscription_webhook_verification_code_repository.go:27.60,29.3 1 0
github.com/dnjtechteam/dnj-game-api/internal/infrastructure/db/repositories/subscription_webhook_verification_code_repository.go:30.2,30.75 1 0
github.com/dnjtechteam/dnj-game-api/internal/infrastructure/db/repositories/subscription_webhook_verification_code_repository.go:33.162,36.16 3 0
github.com/dnjtechteam/dnj-game-api/internal/infrastructure/db/repositories/subscription_webhook_verification_code_repository.go:36.16,37.45 1 0
github.com/dnjtechteam/dnj-game-api/internal/infrastructure/db/repositories/subscription_webhook_verification_code_repository.go:37.45,39.4 1 0
github.com/dnjtechteam/dnj-game-api/internal/infrastructure/db/repositories/subscription_webhook_verification_code_repository.go:40.3,40.41 1 0
github.com/dnjtechteam/dnj-game-api/internal/infrastructure/db/repositories/subscription_webhook_verification_code_repository.go:42.2,42.76 1 0
github.com/dnjtechteam/dnj-game-api/internal/infrastructure/db/repositories/subscription_webhook_verification_code_repository.go:45.168,48.16 3 0
github.com/dnjtechteam/dnj-game-api/internal/infrastructure/db/repositories/subscription_webhook_verification_code_repository.go:48.16,49.45 1 0
github.com/dnjtechteam/dnj-game-api/internal/infrastructure/db/repositories/subscription_webhook_verification_code_repository.go:49.45,51.4 1 0
github.com/dnjtechteam/dnj-game-api/internal/infrastructure/db/repositories/subscription_webhook_verification_code_repository.go:52.3,52.41 1 0
github.com/dnjtechteam/dnj-game-api/internal/infrastructure/db/repositories/subscription_webhook_verification_code_repository.go:54.2,54.76 1 0
github.com/dnjtechteam/dnj-game-api/internal/infrastructure/db/repositories/subscription_webhook_verification_code_repository.go:57.198,59.60 2 0
github.com/dnjtechteam/dnj-game-api/internal/infrastructure/db/repositories/subscription_webhook_verification_code_repository.go:59.60,61.3 1 0
github.com/dnjtechteam/dnj-game-api/internal/infrastructure/db/repositories/subscription_webhook_verification_code_repository.go:62.2,62.75 1 0
github.com/dnjtechteam/dnj-game-api/internal/infrastructure/db/repositories/subscription_webhook_verification_code_repository.go:65.194,68.16 3 0
github.com/dnjtechteam/dnj-game-api/internal/infrastructure/db/repositories/subscription_webhook_verification_code_repository.go:68.16,69.45 1 0
github.com/dnjtechteam/dnj-game-api/internal/infrastructure/db/repositories/subscription_webhook_verification_code_repository.go:69.45,71.4 1 0
github.com/dnjtechteam/dnj-game-api/internal/infrastructure/db/repositories/subscription_webhook_verification_code_repository.go:72.3,72.41 1 0
github.com/dnjtechteam/dnj-game-api/internal/infrastructure/db/repositories/subscription_webhook_verification_code_repository.go:74.2,74.76 1 0
github.com/dnjtechteam/dnj-game-api/internal/infrastructure/db/repositories/task_repository.go:21.76,25.2 1 0
github.com/dnjtechteam/dnj-game-api/internal/infrastructure/db/repositories/task_repository.go:27.107,29.60 2 0
github.com/dnjtechteam/dnj-game-api/internal/infrastructure/db/repositories/task_repository.go:29.60,31.3 1 0
github.com/dnjtechteam/dnj-game-api/internal/infrastructure/db/repositories/task_repository.go:32.2,32.44 1 0
github.com/dnjtechteam/dnj-game-api/internal/infrastructure/db/repositories/task_repository.go:35.117,37.16 2 0
github.com/dnjtechteam/dnj-game-api/internal/infrastructure/db/repositories/task_repository.go:37.16,39.3 1 0
github.com/dnjtechteam/dnj-game-api/internal/infrastructure/db/repositories/task_repository.go:40.2,40.44 1 0
github.com/dnjtechteam/dnj-game-api/internal/infrastructure/db/repositories/task_repository.go:43.106,46.16 3 0
github.com/dnjtechteam/dnj-game-api/internal/infrastructure/db/repositories/task_repository.go:46.16,48.3 1 0
github.com/dnjtechteam/dnj-game-api/internal/infrastructure/db/repositories/task_repository.go:50.2,51.28 2 0
github.com/dnjtechteam/dnj-game-api/internal/infrastructure/db/repositories/task_repository.go:51.28,53.3 1 0
github.com/dnjtechteam/dnj-game-api/internal/infrastructure/db/repositories/task_repository.go:54.2,54.19 1 0
github.com/dnjtechteam/dnj-game-api/internal/infrastructure/db/repositories/task_repository.go:57.107,59.60 2 0
github.com/dnjtechteam/dnj-game-api/internal/infrastructure/db/repositories/task_repository.go:59.60,61.3 1 0
github.com/dnjtechteam/dnj-game-api/internal/infrastructure/db/repositories/task_repository.go:62.2,62.44 1 0
github.com/dnjtechteam/dnj-game-api/internal/infrastructure/db/repositories/task_repository.go:65.86,67.25 2 0
github.com/dnjtechteam/dnj-game-api/internal/infrastructure/db/repositories/task_repository.go:67.25,69.3 1 0
github.com/dnjtechteam/dnj-game-api/internal/infrastructure/db/repositories/task_repository.go:70.2,70.30 1 0
github.com/dnjtechteam/dnj-game-api/internal/infrastructure/db/repositories/task_repository.go:70.30,72.3 1 0
github.com/dnjtechteam/dnj-game-api/internal/infrastructure/db/repositories/task_repository.go:73.2,73.12 1 0
github.com/dnjtechteam/dnj-game-api/internal/infrastructure/db/repositories/user_repository.go:20.72,24.2 1 0
github.com/dnjtechteam/dnj-game-api/internal/infrastructure/db/repositories/user_repository.go:26.99,30.16 3 0
github.com/dnjtechteam/dnj-game-api/internal/infrastructure/db/repositories/user_repository.go:30.16,32.3 1 0
github.com/dnjtechteam/dnj-game-api/internal/infrastructure/db/repositories/user_repository.go:34.2,34.48 1 0
github.com/dnjtechteam/dnj-game-api/internal/infrastructure/db/repositories/user_repository.go:37.91,39.16 2 0
github.com/dnjtechteam/dnj-game-api/internal/infrastructure/db/repositories/user_repository.go:39.16,41.3 1 0
github.com/dnjtechteam/dnj-game-api/internal/infrastructure/db/repositories/user_repository.go:42.2,42.43 1 0
github.com/dnjtechteam/dnj-game-api/internal/infrastructure/db/repositories/user_repository.go:45.97,48.16 2 0
github.com/dnjtechteam/dnj-game-api/internal/infrastructure/db/repositories/user_repository.go:48.16,49.44 1 0
github.com/dnjtechteam/dnj-game-api/internal/infrastructure/db/repositories/user_repository.go:49.44,51.4 1 0
github.com/dnjtechteam/dnj-game-api/internal/infrastructure/db/repositories/user_repository.go:52.3,52.18 1 0
github.com/dnjtechteam/dnj-game-api/internal/infrastructure/db/repositories/user_repository.go:55.2,55.43 1 0
github.com/dnjtechteam/dnj-game-api/internal/infrastructure/db/repositories/user_repository.go:58.99,61.16 3 0
github.com/dnjtechteam/dnj-game-api/internal/infrastructure/db/repositories/user_repository.go:61.16,63.3 1 0
github.com/dnjtechteam/dnj-game-api/internal/infrastructure/db/repositories/user_repository.go:64.2,64.48 1 0
github.com/dnjtechteam/dnj-game-api/internal/infrastructure/db/repositories/user_repository.go:67.74,69.2 1 0
github.com/dnjtechteam/dnj-game-api/internal/infrastructure/db/mappers/group_mapper.go:8.60,9.18 1 52
github.com/dnjtechteam/dnj-game-api/internal/infrastructure/db/mappers/group_mapper.go:9.18,11.3 1 0
github.com/dnjtechteam/dnj-game-api/internal/infrastructure/db/mappers/group_mapper.go:13.2,16.3 1 52
github.com/dnjtechteam/dnj-game-api/internal/infrastructure/db/mappers/group_mapper.go:19.65,20.18 1 30
github.com/dnjtechteam/dnj-game-api/internal/infrastructure/db/mappers/group_mapper.go:20.18,22.3 1 0
github.com/dnjtechteam/dnj-game-api/internal/infrastructure/db/mappers/group_mapper.go:24.2,27.3 1 30
github.com/dnjtechteam/dnj-game-api/internal/infrastructure/db/mappers/subscription_webhook_mapper.go:8.104,9.20 1 5
github.com/dnjtechteam/dnj-game-api/internal/infrastructure/db/mappers/subscription_webhook_mapper.go:9.20,11.3 1 0
github.com/dnjtechteam/dnj-game-api/internal/infrastructure/db/mappers/subscription_webhook_mapper.go:13.2,17.3 1 5
github.com/dnjtechteam/dnj-game-api/internal/infrastructure/db/mappers/subscription_webhook_mapper.go:20.109,21.20 1 6
github.com/dnjtechteam/dnj-game-api/internal/infrastructure/db/mappers/subscription_webhook_mapper.go:21.20,23.3 1 0
github.com/dnjtechteam/dnj-game-api/internal/infrastructure/db/mappers/subscription_webhook_mapper.go:25.2,29.3 1 6
github.com/dnjtechteam/dnj-game-api/internal/infrastructure/db/mappers/subscription_webhook_verification_code_mapper.go:8.149,9.17 1 8
github.com/dnjtechteam/dnj-game-api/internal/infrastructure/db/mappers/subscription_webhook_verification_code_mapper.go:9.17,11.3 1 0
github.com/dnjtechteam/dnj-game-api/internal/infrastructure/db/mappers/subscription_webhook_verification_code_mapper.go:13.2,24.3 1 8
github.com/dnjtechteam/dnj-game-api/internal/infrastructure/db/mappers/subscription_webhook_verification_code_mapper.go:27.154,28.17 1 7
github.com/dnjtechteam/dnj-game-api/internal/infrastructure/db/mappers/subscription_webhook_verification_code_mapper.go:28.17,30.3 1 0
github.com/dnjtechteam/dnj-game-api/internal/infrastructure/db/mappers/subscription_webhook_verification_code_mapper.go:32.2,43.3 1 7
github.com/dnjtechteam/dnj-game-api/internal/infrastructure/db/mappers/task_mapper.go:8.57,9.18 1 4
github.com/dnjtechteam/dnj-game-api/internal/infrastructure/db/mappers/task_mapper.go:9.18,11.3 1 0
github.com/dnjtechteam/dnj-game-api/internal/infrastructure/db/mappers/task_mapper.go:13.2,22.3 1 4
github.com/dnjtechteam/dnj-game-api/internal/infrastructure/db/mappers/task_mapper.go:25.63,26.19 1 4
github.com/dnjtechteam/dnj-game-api/internal/infrastructure/db/mappers/task_mapper.go:26.19,28.3 1 0
github.com/dnjtechteam/dnj-game-api/internal/infrastructure/db/mappers/task_mapper.go:30.2,39.3 1 4
github.com/dnjtechteam/dnj-game-api/internal/infrastructure/db/mappers/user_mapper.go:8.56,9.17 1 10
github.com/dnjtechteam/dnj-game-api/internal/infrastructure/db/mappers/user_mapper.go:9.17,11.3 1 0
github.com/dnjtechteam/dnj-game-api/internal/infrastructure/db/mappers/user_mapper.go:13.2,23.3 1 10
github.com/dnjtechteam/dnj-game-api/internal/infrastructure/db/mappers/user_mapper.go:26.56,27.17 1 10
github.com/dnjtechteam/dnj-game-api/internal/infrastructure/db/mappers/user_mapper.go:27.17,29.3 1 0
github.com/dnjtechteam/dnj-game-api/internal/infrastructure/db/mappers/user_mapper.go:31.2,41.3 1 10
github.com/dnjtechteam/dnj-game-api/internal/infrastructure/db/repositories/base_repository.go:18.45,19.16 1 108
github.com/dnjtechteam/dnj-game-api/internal/infrastructure/db/repositories/base_repository.go:19.16,21.3 1 74
github.com/dnjtechteam/dnj-game-api/internal/infrastructure/db/repositories/base_repository.go:23.2,23.44 1 34
github.com/dnjtechteam/dnj-game-api/internal/infrastructure/db/repositories/base_repository.go:23.44,25.3 1 5
github.com/dnjtechteam/dnj-game-api/internal/infrastructure/db/repositories/base_repository.go:27.2,27.32 1 29
github.com/dnjtechteam/dnj-game-api/internal/infrastructure/db/repositories/base_repository.go:30.63,32.2 1 54
github.com/dnjtechteam/dnj-game-api/internal/infrastructure/db/repositories/base_repository.go:34.65,36.15 2 131
github.com/dnjtechteam/dnj-game-api/internal/infrastructure/db/repositories/base_repository.go:36.15,38.3 1 1
github.com/dnjtechteam/dnj-game-api/internal/infrastructure/db/repositories/base_repository.go:39.2,39.13 1 130
github.com/dnjtechteam/dnj-game-api/internal/infrastructure/db/repositories/base_repository.go:42.74,45.2 2 71
github.com/dnjtechteam/dnj-game-api/internal/infrastructure/db/repositories/base_repository.go:47.79,50.25 3 6
github.com/dnjtechteam/dnj-game-api/internal/infrastructure/db/repositories/base_repository.go:50.25,52.3 1 4
github.com/dnjtechteam/dnj-game-api/internal/infrastructure/db/repositories/base_repository.go:53.2,53.21 1 2
github.com/dnjtechteam/dnj-game-api/internal/infrastructure/db/repositories/base_repository.go:56.71,60.2 3 3
github.com/dnjtechteam/dnj-game-api/internal/infrastructure/db/repositories/base_repository.go:62.74,65.2 2 6
github.com/dnjtechteam/dnj-game-api/internal/infrastructure/db/repositories/base_repository.go:67.71,70.2 2 1
github.com/dnjtechteam/dnj-game-api/internal/infrastructure/db/repositories/base_repository.go:72.91,75.2 2 2
github.com/dnjtechteam/dnj-game-api/internal/infrastructure/db/repositories/base_repository.go:77.71,81.2 3 3
github.com/dnjtechteam/dnj-game-api/internal/infrastructure/db/repositories/base_repository.go:83.98,86.25 3 7
github.com/dnjtechteam/dnj-game-api/internal/infrastructure/db/repositories/base_repository.go:86.25,88.3 1 5
github.com/dnjtechteam/dnj-game-api/internal/infrastructure/db/repositories/base_repository.go:89.2,89.21 1 2
github.com/dnjtechteam/dnj-game-api/internal/infrastructure/db/repositories/base_repository.go:92.99,96.2 3 2
github.com/dnjtechteam/dnj-game-api/internal/infrastructure/db/repositories/base_repository.go:98.90,102.25 3 8
github.com/dnjtechteam/dnj-game-api/internal/infrastructure/db/repositories/base_repository.go:102.25,104.3 1 2
github.com/dnjtechteam/dnj-game-api/internal/infrastructure/db/repositories/base_repository.go:106.2,106.18 1 6
github.com/dnjtechteam/dnj-game-api/internal/infrastructure/db/repositories/base_repository.go:114.43,131.16 10 4
github.com/dnjtechteam/dnj-game-api/internal/infrastructure/db/repositories/base_repository.go:131.16,132.45 1 2
github.com/dnjtechteam/dnj-game-api/internal/infrastructure/db/repositories/base_repository.go:132.45,141.4 1 1
github.com/dnjtechteam/dnj-game-api/internal/infrastructure/db/repositories/base_repository.go:142.3,142.41 1 1
github.com/dnjtechteam/dnj-game-api/internal/infrastructure/db/repositories/base_repository.go:145.2,146.17 2 2
github.com/dnjtechteam/dnj-game-api/internal/infrastructure/db/repositories/base_repository.go:146.17,148.3 1 1
github.com/dnjtechteam/dnj-game-api/internal/infrastructure/db/repositories/base_repository.go:150.2,157.8 1 2
github.com/dnjtechteam/dnj-game-api/internal/infrastructure/db/repositories/group_repository.go:19.79,23.2 1 10
github.com/dnjtechteam/dnj-game-api/internal/infrastructure/db/repositories/group_repository.go:25.113,27.60 2 30
github.com/dnjtechteam/dnj-game-api/internal/infrastructure/db/repositories/group_repository.go:27.60,29.3 1 1
github.com/dnjtechteam/dnj-game-api/internal/infrastructure/db/repositories/group_repository.go:30.2,30.45 1 29
github.com/dnjtechteam/dnj-game-api/internal/infrastructure/db/repositories/group_repository.go:33.98,35.16 2 2
github.com/dnjtechteam/dnj-game-api/internal/infrastructure/db/repositories/group_repository.go:35.16,37.3 1 1
github.com/dnjtechteam/dnj-game-api/internal/infrastructure/db/repositories/group_repository.go:38.2,38.45 1 1
github.com/dnjtechteam/dnj-game-api/internal/infrastructure/db/repositories/group_repository.go:41.107,44.16 3 3
github.com/dnjtechteam/dnj-game-api/internal/infrastructure/db/repositories/group_repository.go:44.16,45.45 1 2
github.com/dnjtechteam/dnj-game-api/internal/infrastructure/db/repositories/group_repository.go:45.45,47.4 1 1
github.com/dnjtechteam/dnj-game-api/internal/infrastructure/db/repositories/group_repository.go:48.3,48.41 1 1
github.com/dnjtechteam/dnj-game-api/internal/infrastructure/db/repositories/group_repository.go:50.2,50.46 1 1
github.com/dnjtechteam/dnj-game-api/internal/infrastructure/db/repositories/group_repository.go:53.112,60.16 3 3
github.com/dnjtechteam/dnj-game-api/internal/infrastructure/db/repositories/group_repository.go:60.16,62.3 1 1
github.com/dnjtechteam/dnj-game-api/internal/infrastructure/db/repositories/group_repository.go:64.2,65.29 2 2
github.com/dnjtechteam/dnj-game-api/internal/infrastructure/db/repositories/group_repository.go:65.29,67.3 1 21
github.com/dnjtechteam/dnj-game-api/internal/infrastructure/db/repositories/group_repository.go:68.2,68.20 1 2
github.com/dnjtechteam/dnj-game-api/internal/infrastructure/db/repositories/group_repository.go:71.75,73.2 1 3
github.com/dnjtechteam/dnj-game-api/internal/infrastructure/db/repositories/subscription_webhook_repository.go:18.104,22.2 1 3
github.com/dnjtechteam/dnj-game-api/internal/infrastructure/db/repositories/subscription_webhook_repository.go:24.151,26.60 2 6
github.com/dnjtechteam/dnj-game-api/internal/infrastructure/db/repositories/subscription_webhook_repository.go:26.60,28.3 1 1
github.com/dnjtechteam/dnj-game-api/internal/infrastructure/db/repositories/subscription_webhook_repository.go:29.2,29.59 1 5
github.com/dnjtechteam/dnj-game-api/internal/infrastructure/db/repositories/subscription_webhook_verification_code_repository.go:19.137,23.2 1 10
github.com/dnjtechteam/dnj-game-api/internal/infrastructure/db/repositories/subscription_webhook_verification_code_repository.go:25.198,27.60 2 5
github.com/dnjtechteam/dnj-game-api/internal/infrastructure/db/repositories/subscription_webhook_verification_code_repository.go:27.60,29.3 1 1
github.com/dnjtechteam/dnj-game-api/internal/infrastructure/db/repositories/subscription_webhook_verification_code_repository.go:30.2,30.75 1 4
github.com/dnjtechteam/dnj-game-api/internal/infrastructure/db/repositories/subscription_webhook_verification_code_repository.go:33.162,36.16 3 3
github.com/dnjtechteam/dnj-game-api/internal/infrastructure/db/repositories/subscription_webhook_verification_code_repository.go:36.16,37.45 1 2
github.com/dnjtechteam/dnj-game-api/internal/infrastructure/db/repositories/subscription_webhook_verification_code_repository.go:37.45,39.4 1 1
github.com/dnjtechteam/dnj-game-api/internal/infrastructure/db/repositories/subscription_webhook_verification_code_repository.go:40.3,40.41 1 1
github.com/dnjtechteam/dnj-game-api/internal/infrastructure/db/repositories/subscription_webhook_verification_code_repository.go:42.2,42.76 1 1
github.com/dnjtechteam/dnj-game-api/internal/infrastructure/db/repositories/subscription_webhook_verification_code_repository.go:45.168,48.16 3 3
github.com/dnjtechteam/dnj-game-api/internal/infrastructure/db/repositories/subscription_webhook_verification_code_repository.go:48.16,49.45 1 2
github.com/dnjtechteam/dnj-game-api/internal/infrastructure/db/repositories/subscription_webhook_verification_code_repository.go:49.45,51.4 1 1
github.com/dnjtechteam/dnj-game-api/internal/infrastructure/db/repositories/subscription_webhook_verification_code_repository.go:52.3,52.41 1 1
github.com/dnjtechteam/dnj-game-api/internal/infrastructure/db/repositories/subscription_webhook_verification_code_repository.go:54.2,54.76 1 1
github.com/dnjtechteam/dnj-game-api/internal/infrastructure/db/repositories/subscription_webhook_verification_code_repository.go:57.198,59.60 2 2
github.com/dnjtechteam/dnj-game-api/internal/infrastructure/db/repositories/subscription_webhook_verification_code_repository.go:59.60,61.3 1 1
github.com/dnjtechteam/dnj-game-api/internal/infrastructure/db/repositories/subscription_webhook_verification_code_repository.go:62.2,62.75 1 1
github.com/dnjtechteam/dnj-game-api/internal/infrastructure/db/repositories/subscription_webhook_verification_code_repository.go:65.194,68.16 3 3
github.com/dnjtechteam/dnj-game-api/internal/infrastructure/db/repositories/subscription_webhook_verification_code_repository.go:68.16,69.45 1 2
github.com/dnjtechteam/dnj-game-api/internal/infrastructure/db/repositories/subscription_webhook_verification_code_repository.go:69.45,71.4 1 1
github.com/dnjtechteam/dnj-game-api/internal/infrastructure/db/repositories/subscription_webhook_verification_code_repository.go:72.3,72.41 1 1
github.com/dnjtechteam/dnj-game-api/internal/infrastructure/db/repositories/subscription_webhook_verification_code_repository.go:74.2,74.76 1 1
github.com/dnjtechteam/dnj-game-api/internal/infrastructure/db/repositories/task_repository.go:21.76,25.2 1 6
github.com/dnjtechteam/dnj-game-api/internal/infrastructure/db/repositories/task_repository.go:27.107,29.60 2 2
github.com/dnjtechteam/dnj-game-api/internal/infrastructure/db/repositories/task_repository.go:29.60,31.3 1 1
github.com/dnjtechteam/dnj-game-api/internal/infrastructure/db/repositories/task_repository.go:32.2,32.44 1 1
github.com/dnjtechteam/dnj-game-api/internal/infrastructure/db/repositories/task_repository.go:35.117,37.16 2 2
github.com/dnjtechteam/dnj-game-api/internal/infrastructure/db/repositories/task_repository.go:37.16,39.3 1 1
github.com/dnjtechteam/dnj-game-api/internal/infrastructure/db/repositories/task_repository.go:40.2,40.44 1 1
github.com/dnjtechteam/dnj-game-api/internal/infrastructure/db/repositories/task_repository.go:43.106,46.16 3 2
github.com/dnjtechteam/dnj-game-api/internal/infrastructure/db/repositories/task_repository.go:46.16,48.3 1 1
github.com/dnjtechteam/dnj-game-api/internal/infrastructure/db/repositories/task_repository.go:50.2,51.28 2 1
github.com/dnjtechteam/dnj-game-api/internal/infrastructure/db/repositories/task_repository.go:51.28,53.3 1 1
github.com/dnjtechteam/dnj-game-api/internal/infrastructure/db/repositories/task_repository.go:54.2,54.19 1 1
github.com/dnjtechteam/dnj-game-api/internal/infrastructure/db/repositories/task_repository.go:57.107,59.60 2 2
github.com/dnjtechteam/dnj-game-api/internal/infrastructure/db/repositories/task_repository.go:59.60,61.3 1 1
github.com/dnjtechteam/dnj-game-api/internal/infrastructure/db/repositories/task_repository.go:62.2,62.44 1 1
github.com/dnjtechteam/dnj-game-api/internal/infrastructure/db/repositories/task_repository.go:65.86,67.25 2 3
github.com/dnjtechteam/dnj-game-api/internal/infrastructure/db/repositories/task_repository.go:67.25,69.3 1 1
github.com/dnjtechteam/dnj-game-api/internal/infrastructure/db/repositories/task_repository.go:70.2,70.30 1 2
github.com/dnjtechteam/dnj-game-api/internal/infrastructure/db/repositories/task_repository.go:70.30,72.3 1 1
github.com/dnjtechteam/dnj-game-api/internal/infrastructure/db/repositories/task_repository.go:73.2,73.12 1 1
github.com/dnjtechteam/dnj-game-api/internal/infrastructure/db/repositories/user_repository.go:20.72,24.2 1 5
github.com/dnjtechteam/dnj-game-api/internal/infrastructure/db/repositories/user_repository.go:26.99,30.16 3 9
github.com/dnjtechteam/dnj-game-api/internal/infrastructure/db/repositories/user_repository.go:30.16,32.3 1 1
github.com/dnjtechteam/dnj-game-api/internal/infrastructure/db/repositories/user_repository.go:34.2,34.48 1 8
github.com/dnjtechteam/dnj-game-api/internal/infrastructure/db/repositories/user_repository.go:37.91,39.16 2 2
github.com/dnjtechteam/dnj-game-api/internal/infrastructure/db/repositories/user_repository.go:39.16,41.3 1 1
github.com/dnjtechteam/dnj-game-api/internal/infrastructure/db/repositories/user_repository.go:42.2,42.43 1 1
github.com/dnjtechteam/dnj-game-api/internal/infrastructure/db/repositories/user_repository.go:45.97,48.16 2 3
github.com/dnjtechteam/dnj-game-api/internal/infrastructure/db/repositories/user_repository.go:48.16,49.44 1 2
github.com/dnjtechteam/dnj-game-api/internal/infrastructure/db/repositories/user_repository.go:49.44,51.4 1 1
github.com/dnjtechteam/dnj-game-api/internal/infrastructure/db/repositories/user_repository.go:52.3,52.18 1 1
github.com/dnjtechteam/dnj-game-api/internal/infrastructure/db/repositories/user_repository.go:55.2,55.43 1 1
github.com/dnjtechteam/dnj-game-api/internal/infrastructure/db/repositories/user_repository.go:58.99,61.16 3 1
github.com/dnjtechteam/dnj-game-api/internal/infrastructure/db/repositories/user_repository.go:61.16,63.3 1 1
github.com/dnjtechteam/dnj-game-api/internal/infrastructure/db/repositories/user_repository.go:64.2,64.48 1 0
github.com/dnjtechteam/dnj-game-api/internal/infrastructure/db/repositories/user_repository.go:67.74,69.2 1 2
github.com/dnjtechteam/dnj-game-api/internal/infrastructure/db/mappers/group_mapper.go:8.60,9.18 1 60
github.com/dnjtechteam/dnj-game-api/internal/infrastructure/db/mappers/group_mapper.go:9.18,11.3 1 0
github.com/dnjtechteam/dnj-game-api/internal/infrastructure/db/mappers/group_mapper.go:13.2,16.3 1 60
github.com/dnjtechteam/dnj-game-api/internal/infrastructure/db/mappers/group_mapper.go:19.65,20.18 1 33
github.com/dnjtechteam/dnj-game-api/internal/infrastructure/db/mappers/group_mapper.go:20.18,22.3 1 0
github.com/dnjtechteam/dnj-game-api/internal/infrastructure/db/mappers/group_mapper.go:24.2,27.3 1 33
github.com/dnjtechteam/dnj-game-api/internal/infrastructure/db/mappers/subscription_webhook_mapper.go:8.104,9.20 1 16
github.com/dnjtechteam/dnj-game-api/internal/infrastructure/db/mappers/subscription_webhook_mapper.go:9.20,11.3 1 0
github.com/dnjtechteam/dnj-game-api/internal/infrastructure/db/mappers/subscription_webhook_mapper.go:13.2,17.3 1 16
github.com/dnjtechteam/dnj-game-api/internal/infrastructure/db/mappers/subscription_webhook_mapper.go:20.109,21.20 1 16
github.com/dnjtechteam/dnj-game-api/internal/infrastructure/db/mappers/subscription_webhook_mapper.go:21.20,23.3 1 0
github.com/dnjtechteam/dnj-game-api/internal/infrastructure/db/mappers/subscription_webhook_mapper.go:25.2,29.3 1 16
github.com/dnjtechteam/dnj-game-api/internal/infrastructure/db/mappers/subscription_webhook_verification_code_mapper.go:8.149,9.17 1 41
github.com/dnjtechteam/dnj-game-api/internal/infrastructure/db/mappers/subscription_webhook_verification_code_mapper.go:9.17,11.3 1 0
github.com/dnjtechteam/dnj-game-api/internal/infrastructure/db/mappers/subscription_webhook_verification_code_mapper.go:13.2,24.3 1 41
github.com/dnjtechteam/dnj-game-api/internal/infrastructure/db/mappers/subscription_webhook_verification_code_mapper.go:27.154,28.17 1 20
github.com/dnjtechteam/dnj-game-api/internal/infrastructure/db/mappers/subscription_webhook_verification_code_mapper.go:28.17,30.3 1 0
github.com/dnjtechteam/dnj-game-api/internal/infrastructure/db/mappers/subscription_webhook_verification_code_mapper.go:32.2,43.3 1 20
github.com/dnjtechteam/dnj-game-api/internal/infrastructure/db/mappers/task_mapper.go:8.57,9.18 1 11
github.com/dnjtechteam/dnj-game-api/internal/infrastructure/db/mappers/task_mapper.go:9.18,11.3 1 0
github.com/dnjtechteam/dnj-game-api/internal/infrastructure/db/mappers/task_mapper.go:13.2,22.3 1 11
github.com/dnjtechteam/dnj-game-api/internal/infrastructure/db/mappers/task_mapper.go:25.63,26.19 1 7
github.com/dnjtechteam/dnj-game-api/internal/infrastructure/db/mappers/task_mapper.go:26.19,28.3 1 0
github.com/dnjtechteam/dnj-game-api/internal/infrastructure/db/mappers/task_mapper.go:30.2,39.3 1 7
github.com/dnjtechteam/dnj-game-api/internal/infrastructure/db/mappers/user_mapper.go:8.56,9.17 1 25
github.com/dnjtechteam/dnj-game-api/internal/infrastructure/db/mappers/user_mapper.go:9.17,11.3 1 0
github.com/dnjtechteam/dnj-game-api/internal/infrastructure/db/mappers/user_mapper.go:13.2,23.3 1 25
github.com/dnjtechteam/dnj-game-api/internal/infrastructure/db/mappers/user_mapper.go:26.56,27.17 1 19
github.com/dnjtechteam/dnj-game-api/internal/infrastructure/db/mappers/user_mapper.go:27.17,29.3 1 0
github.com/dnjtechteam/dnj-game-api/internal/infrastructure/db/mappers/user_mapper.go:31.2,41.3 1 19
github.com/dnjtechteam/dnj-game-api/internal/infrastructure/db/repositories/base_repository.go:18.45,19.16 1 98
github.com/dnjtechteam/dnj-game-api/internal/infrastructure/db/repositories/base_repository.go:19.16,21.3 1 95
github.com/dnjtechteam/dnj-game-api/internal/infrastructure/db/repositories/base_repository.go:23.2,23.44 1 3
github.com/dnjtechteam/dnj-game-api/internal/infrastructure/db/repositories/base_repository.go:23.44,25.3 1 3
github.com/dnjtechteam/dnj-game-api/internal/infrastructure/db/repositories/base_repository.go:27.2,27.32 1 0
github.com/dnjtechteam/dnj-game-api/internal/infrastructure/db/repositories/base_repository.go:30.63,32.2 1 5
github.com/dnjtechteam/dnj-game-api/internal/infrastructure/db/repositories/base_repository.go:34.65,36.15 2 152
github.com/dnjtechteam/dnj-game-api/internal/infrastructure/db/repositories/base_repository.go:36.15,38.3 1 26
github.com/dnjtechteam/dnj-game-api/internal/infrastructure/db/repositories/base_repository.go:39.2,39.13 1 126
github.com/dnjtechteam/dnj-game-api/internal/infrastructure/db/repositories/base_repository.go:42.74,45.2 2 85
github.com/dnjtechteam/dnj-game-api/internal/infrastructure/db/repositories/base_repository.go:47.79,50.25 3 9
github.com/dnjtechteam/dnj-game-api/internal/infrastructure/db/repositories/base_repository.go:50.25,52.3 1 1
github.com/dnjtechteam/dnj-game-api/internal/infrastructure/db/repositories/base_repository.go:53.2,53.21 1 8
github.com/dnjtechteam/dnj-game-api/internal/infrastructure/db/repositories/base_repository.go:56.71,60.2 3 0
github.com/dnjtechteam/dnj-game-api/internal/infrastructure/db/repositories/base_repository.go:62.74,65.2 2 10
github.com/dnjtechteam/dnj-game-api/internal/infrastructure/db/repositories/base_repository.go:67.71,70.2 2 0
github.com/dnjtechteam/dnj-game-api/internal/infrastructure/db/repositories/base_repository.go:72.91,75.2 2 0
github.com/dnjtechteam/dnj-game-api/internal/infrastructure/db/repositories/base_repository.go:77.71,81.2 3 0
github.com/dnjtechteam/dnj-game-api/internal/infrastructure/db/repositories/base_repository.go:83.98,86.25 3 4
github.com/dnjtechteam/dnj-game-api/internal/infrastructure/db/repositories/base_repository.go:86.25,88.3 1 2
github.com/dnjtechteam/dnj-game-api/internal/infrastructure/db/repositories/base_repository.go:89.2,89.21 1 2
github.com/dnjtechteam/dnj-game-api/internal/infrastructure/db/repositories/base_repository.go:92.99,96.2 3 0
github.com/dnjtechteam/dnj-game-api/internal/infrastructure/db/repositories/base_repository.go:98.90,102.25 3 2
github.com/dnjtechteam/dnj-game-api/internal/infrastructure/db/repositories/base_repository.go:102.25,104.3 1 0
github.com/dnjtechteam/dnj-game-api/internal/infrastructure/db/repositories/base_repository.go:106.2,106.18 1 2
github.com/dnjtechteam/dnj-game-api/internal/infrastructure/db/repositories/base_repository.go:114.43,131.16 10 0
github.com/dnjtechteam/dnj-game-api/internal/infrastructure/db/repositories/base_repository.go:131.16,132.45 1 0
github.com/dnjtechteam/dnj-game-api/internal/infrastructure/db/repositories/base_repository.go:132.45,141.4 1 0
github.com/dnjtechteam/dnj-game-api/internal/infrastructure/db/repositories/base_repository.go:142.3,142.41 1 0
github.com/dnjtechteam/dnj-game-api/internal/infrastructure/db/repositories/base_repository.go:145.2,146.17 2 0
github.com/dnjtechteam/dnj-game-api/internal/infrastructure/db/repositories/base_repository.go:146.17,148.3 1 0
github.com/dnjtechteam/dnj-game-api/internal/infrastructure/db/repositories/base_repository.go:150.2,157.8 1 0
github.com/dnjtechteam/dnj-game-api/internal/infrastructure/db/repositories/group_repository.go:19.79,23.2 1 1
github.com/dnjtechteam/dnj-game-api/internal/infrastructure/db/repositories/group_repository.go:25.113,27.60 2 33
github.com/dnjtechteam/dnj-game-api/internal/infrastructure/db/repositories/group_repository.go:27.60,29.3 1 0
github.com/dnjtechteam/dnj-game-api/internal/infrastructure/db/repositories/group_repository.go:30.2,30.45 1 33
github.com/dnjtechteam/dnj-game-api/internal/infrastructure/db/repositories/group_repository.go:33.98,35.16 2 2
github.com/dnjtechteam/dnj-game-api/internal/infrastructure/db/repositories/group_repository.go:35.16,37.3 1 0
github.com/dnjtechteam/dnj-game-api/internal/infrastructure/db/repositories/group_repository.go:38.2,38.45 1 2
github.com/dnjtechteam/dnj-game-api/internal/infrastructure/db/repositories/group_repository.go:41.107,44.16 3 6
github.com/dnjtechteam/dnj-game-api/internal/infrastructure/db/repositories/group_repository.go:44.16,45.45 1 3
github.com/dnjtechteam/dnj-game-api/internal/infrastructure/db/repositories/group_repository.go:45.45,47.4 1 3
github.com/dnjtechteam/dnj-game-api/internal/infrastructure/db/repositories/group_repository.go:48.3,48.41 1 0
github.com/dnjtechteam/dnj-game-api/internal/infrastructure/db/repositories/group_repository.go:50.2,50.46 1 3
github.com/dnjtechteam/dnj-game-api/internal/infrastructure/db/repositories/group_repository.go:53.112,60.16 3 2
github.com/dnjtechteam/dnj-game-api/internal/infrastructure/db/repositories/group_repository.go:60.16,62.3 1 0
github.com/dnjtechteam/dnj-game-api/internal/infrastructure/db/repositories/group_repository.go:64.2,65.29 2 2
github.com/dnjtechteam/dnj-game-api/internal/infrastructure/db/repositories/group_repository.go:65.29,67.3 1 22
github.com/dnjtechteam/dnj-game-api/internal/infrastructure/db/repositories/group_repository.go:68.2,68.20 1 2
github.com/dnjtechteam/dnj-game-api/internal/infrastructure/db/repositories/group_repository.go:71.75,73.2 1 2
github.com/dnjtechteam/dnj-game-api/internal/infrastructure/db/repositories/subscription_webhook_repository.go:18.104,22.2 1 1
github.com/dnjtechteam/dnj-game-api/internal/infrastructure/db/repositories/subscription_webhook_repository.go:24.151,26.60 2 16
github.com/dnjtechteam/dnj-game-api/internal/infrastructure/db/repositories/subscription_webhook_repository.go:26.60,28.3 1 0
github.com/dnjtechteam/dnj-game-api/internal/infrastructure/db/repositories/subscription_webhook_repository.go:29.2,29.59 1 16
github.com/dnjtechteam/dnj-game-api/internal/infrastructure/db/repositories/subscription_webhook_verification_code_repository.go:19.137,23.2 1 1
github.com/dnjtechteam/dnj-game-api/internal/infrastructure/db/repositories/subscription_webhook_verification_code_repository.go:25.198,27.60 2 15
github.com/dnjtechteam/dnj-game-api/internal/infrastructure/db/repositories/subscription_webhook_verification_code_repository.go:27.60,29.3 1 0
github.com/dnjtechteam/dnj-game-api/internal/infrastructure/db/repositories/subscription_webhook_verification_code_repository.go:30.2,30.75 1 15
github.com/dnjtechteam/dnj-game-api/internal/infrastructure/db/repositories/subscription_webhook_verification_code_repository.go:33.162,36.16 3 0
github.com/dnjtechteam/dnj-game-api/internal/infrastructure/db/repositories/subscription_webhook_verification_code_repository.go:36.16,37.45 1 0
github.com/dnjtechteam/dnj-game-api/internal/infrastructure/db/repositories/subscription_webhook_verification_code_repository.go:37.45,39.4 1 0
github.com/dnjtechteam/dnj-game-api/internal/infrastructure/db/repositories/subscription_webhook_verification_code_repository.go:40.3,40.41 1 0
github.com/dnjtechteam/dnj-game-api/internal/infrastructure/db/repositories/subscription_webhook_verification_code_repository.go:42.2,42.76 1 0
github.com/dnjtechteam/dnj-game-api/internal/infrastructure/db/repositories/subscription_webhook_verification_code_repository.go:45.168,48.16 3 25
github.com/dnjtechteam/dnj-game-api/internal/infrastructure/db/repositories/subscription_webhook_verification_code_repository.go:48.16,49.45 1 8
github.com/dnjtechteam/dnj-game-api/internal/infrastructure/db/repositories/subscription_webhook_verification_code_repository.go:49.45,51.4 1 8
github.com/dnjtechteam/dnj-game-api/internal/infrastructure/db/repositories/subscription_webhook_verification_code_repository.go:52.3,52.41 1 0
github.com/dnjtechteam/dnj-game-api/internal/infrastructure/db/repositories/subscription_webhook_verification_code_repository.go:54.2,54.76 1 17
github.com/dnjtechteam/dnj-game-api/internal/infrastructure/db/repositories/subscription_webhook_verification_code_repository.go:57.198,59.60 2 5
github.com/dnjtechteam/dnj-game-api/internal/infrastructure/db/repositories/subscription_webhook_verification_code_repository.go:59.60,61.3 1 0
github.com/dnjtechteam/dnj-game-api/internal/infrastructure/db/repositories/subscription_webhook_verification_code_repository.go:62.2,62.75 1 5
github.com/dnjtechteam/dnj-game-api/internal/infrastructure/db/repositories/subscription_webhook_verification_code_repository.go:65.194,68.16 3 5
github.com/dnjtechteam/dnj-game-api/internal/infrastructure/db/repositories/subscription_webhook_verification_code_repository.go:68.16,69.45 1 1
github.com/dnjtechteam/dnj-game-api/internal/infrastructure/db/repositories/subscription_webhook_verification_code_repository.go:69.45,71.4 1 1
github.com/dnjtechteam/dnj-game-api/internal/infrastructure/db/repositories/subscription_webhook_verification_code_repository.go:72.3,72.41 1 0
github.com/dnjtechteam/dnj-game-api/internal/infrastructure/db/repositories/subscription_webhook_verification_code_repository.go:74.2,74.76 1 4
github.com/dnjtechteam/dnj-game-api/internal/infrastructure/db/repositories/task_repository.go:21.76,25.2 1 1
github.com/dnjtechteam/dnj-game-api/internal/infrastructure/db/repositories/task_repository.go:27.107,29.60 2 6
github.com/dnjtechteam/dnj-game-api/internal/infrastructure/db/repositories/task_repository.go:29.60,31.3 1 0
github.com/dnjtechteam/dnj-game-api/internal/infrastructure/db/repositories/task_repository.go:32.2,32.44 1 6
github.com/dnjtechteam/dnj-game-api/internal/infrastructure/db/repositories/task_repository.go:35.117,37.16 2 4
github.com/dnjtechteam/dnj-game-api/internal/infrastructure/db/repositories/task_repository.go:37.16,39.3 1 2
github.com/dnjtechteam/dnj-game-api/internal/infrastructure/db/repositories/task_repository.go:40.2,40.44 1 2
github.com/dnjtechteam/dnj-game-api/internal/infrastructure/db/repositories/task_repository.go:43.106,46.16 3 2
github.com/dnjtechteam/dnj-game-api/internal/infrastructure/db/repositories/task_repository.go:46.16,48.3 1 0
github.com/dnjtechteam/dnj-game-api/internal/infrastructure/db/repositories/task_repository.go:50.2,51.28 2 2
github.com/dnjtechteam/dnj-game-api/internal/infrastructure/db/repositories/task_repository.go:51.28,53.3 1 2
github.com/dnjtechteam/dnj-game-api/internal/infrastructure/db/repositories/task_repository.go:54.2,54.19 1 2
github.com/dnjtechteam/dnj-game-api/internal/infrastructure/db/repositories/task_repository.go:57.107,59.60 2 1
github.com/dnjtechteam/dnj-game-api/internal/infrastructure/db/repositories/task_repository.go:59.60,61.3 1 0
github.com/dnjtechteam/dnj-game-api/internal/infrastructure/db/repositories/task_repository.go:62.2,62.44 1 1
github.com/dnjtechteam/dnj-game-api/internal/infrastructure/db/repositories/task_repository.go:65.86,67.25 2 2
github.com/dnjtechteam/dnj-game-api/internal/infrastructure/db/repositories/task_repository.go:67.25,69.3 1 0
github.com/dnjtechteam/dnj-game-api/internal/infrastructure/db/repositories/task_repository.go:70.2,70.30 1 2
github.com/dnjtechteam/dnj-game-api/internal/infrastructure/db/repositories/task_repository.go:70.30,72.3 1 1
github.com/dnjtechteam/dnj-game-api/internal/infrastructure/db/repositories/task_repository.go:73.2,73.12 1 1
github.com/dnjtechteam/dnj-game-api/internal/infrastructure/db/repositories/user_repository.go:20.72,24.2 1 1
github.com/dnjtechteam/dnj-game-api/internal/infrastructure/db/repositories/user_repository.go:26.99,30.16 3 15
github.com/dnjtechteam/dnj-game-api/internal/infrastructure/db/repositories/user_repository.go:30.16,32.3 1 0
github.com/dnjtechteam/dnj-game-api/internal/infrastructure/db/repositories/user_repository.go:34.2,34.48 1 15
github.com/dnjtechteam/dnj-game-api/internal/infrastructure/db/repositories/user_repository.go:37.91,39.16 2 7
github.com/dnjtechteam/dnj-game-api/internal/infrastructure/db/repositories/user_repository.go:39.16,41.3 1 1
github.com/dnjtechteam/dnj-game-api/internal/infrastructure/db/repositories/user_repository.go:42.2,42.43 1 6
github.com/dnjtechteam/dnj-game-api/internal/infrastructure/db/repositories/user_repository.go:45.97,48.16 2 0
github.com/dnjtechteam/dnj-game-api/internal/infrastructure/db/repositories/user_repository.go:48.16,49.44 1 0
github.com/dnjtechteam/dnj-game-api/internal/infrastructure/db/repositories/user_repository.go:49.44,51.4 1 0
github.com/dnjtechteam/dnj-game-api/internal/infrastructure/db/repositories/user_repository.go:52.3,52.18 1 0
github.com/dnjtechteam/dnj-game-api/internal/infrastructure/db/repositories/user_repository.go:55.2,55.43 1 0
github.com/dnjtechteam/dnj-game-api/internal/infrastructure/db/repositories/user_repository.go:58.99,61.16 3 4
github.com/dnjtechteam/dnj-game-api/internal/infrastructure/db/repositories/user_repository.go:61.16,63.3 1 0
github.com/dnjtechteam/dnj-game-api/internal/infrastructure/db/repositories/user_repository.go:64.2,64.48 1 4
github.com/dnjtechteam/dnj-game-api/internal/infrastructure/db/repositories/user_repository.go:67.74,69.2 1 0
